0011111111110001100110011001100110011001100110011001100110011010
