11000000000010101100101000000000000000000000000000000000000000000000000000000000
