10111111111111011001010001111010111000010100011110101110000101001010111000010100
