0100000001110000000001000001100010010011011101001011110001101010
