0011111111001110000011011001000011100010001110101111001100011011
