1100000001000000001010101010100110010011000010111110000011011111
