11000000000000011010100101000111101011100001010001111010111000010111101011100001
