01000000000001011111011000111110111110011101101100100010110100000010001011010000
