0011111111101111101011100001010001000101001100010110001001111001
