YOURS STRING:121HELLOhello123
1
string after rule1:abaHELLOhelloabc
