YOURS STRING:1HHQQhhqq1
1
string after rule1:aHHQQhhqqa
