YOURS STRING:hello123
0
String after rule2:hheelllloo112233
