YOURS STRING:1213sSneugfq87g3b4fu43p8t
0
String after rule2:11221133ssSSnneeuuggffqq8877gg33bb44ffuu4433pp88tt
